el_1_1
el_2_1
st_1_1
st_2_1
st_3_1
st_4_1
st_5_1
st_6_1
004095
000000
000100
BROKEN
el_2_0
el_1_1
el_2_1
st_1_1
st_2_1
st_3_1
st_4_1
st_5_1
st_6_1
004095
000000
000100
BROKEN
el_2_0
el_1_1
el_2_1
st_1_1
st_2_1
st_3_1
st_4_1
st_5_1
st_6_1
004095
000000
000100
BROKEN
el_2_0
el_1_1
el_2_1
st_1_1
st_2_1
st_3_1
st_4_1
st_5_1
st_6_1
004095
000000
000100
BROKEN
el_2_0
el_1_1
el_2_1
st_1_1
st_2_1
st_3_1
st_4_1
st_5_1
st_6_1
004095
000000
000100
BROKEN
el_2_0
el_1_1
el_2_1
st_1_1
st_2_1
st_3_1
st_4_1
st_5_1
st_6_1
004095
000000
000100
BROKEN
el_2_0
el_1_1
el_2_1
st_1_1
st_2_1
st_3_1
st_4_1
st_5_1
st_6_1
004095
000000
000100
BROKEN
el_2_0
el_1_1
el_2_1
st_1_1
st_2_1
st_3_1
st_4_1
st_5_1
st_6_1
004095
000000
000100
BROKEN
el_2_0
el_1_1
el_2_1
st_1_1
st_2_1
st_3_1
st_4_1
st_5_1
st_6_1
004095
000000
000100
BROKEN
el_2_0
el_1_1
el_2_1
st_1_1
st_2_1
st_3_1
st_4_1
st_5_1
st_6_1
004095
000000
000100
BROKEN
el_2_0
el_1_1
el_2_1
st_1_1
st_2_1
st_3_1
st_4_1
st_5_1
st_6_1
004095
000000
000100
BROKEN
el_2_0
el_1_1
el_2_1
st_1_1
st_2_1
st_3_1
st_4_1
st_5_1
st_6_1
004095
000000
000100
BROKEN
el_2_0
el_1_1
el_2_1
st_1_1
st_2_1
st_3_1
st_4_1
st_5_1
st_6_1
004095
000000
000100
BROKEN
el_2_0
el_1_1
el_2_1
st_1_1
st_2_1
st_3_1
st_4_1
st_5_1
st_6_1
004095
000000
000100
BROKEN
el_2_0
